Archive member included to satisfy reference by file (symbol)

c:/program files (x86)/atmel/studio/7.0/toolchain/avr8/avr8-gnu-toolchain/bin/../lib/gcc/avr/5.4.0/avr5\libgcc.a(_exit.o)
                              C:/Program Files (x86)/Atmel/Studio/7.0/Packs/atmel/ATmega_DFP/1.2.150/gcc/dev/atmega328p/avr5/crtatmega328p.o (exit)
c:/program files (x86)/atmel/studio/7.0/toolchain/avr8/avr8-gnu-toolchain/bin/../lib/gcc/avr/5.4.0/avr5\libgcc.a(_copy_data.o)
                              main.o (__do_copy_data)
c:/program files (x86)/atmel/studio/7.0/toolchain/avr8/avr8-gnu-toolchain/bin/../lib/gcc/avr/5.4.0/avr5\libgcc.a(_clear_bss.o)
                              main.o (__do_clear_bss)
c:/program files (x86)/atmel/studio/7.0/toolchain/avr8/avr8-gnu-toolchain/bin/../lib/gcc/avr/5.4.0/../../../../avr/lib/avr5\libc.a(malloc.o)
                              main.o (malloc)
c:/program files (x86)/atmel/studio/7.0/toolchain/avr8/avr8-gnu-toolchain/bin/../lib/gcc/avr/5.4.0/../../../../avr/lib/avr5\libc.a(iob.o)
                              main.o (__iob)
c:/program files (x86)/atmel/studio/7.0/toolchain/avr8/avr8-gnu-toolchain/bin/../lib/gcc/avr/5.4.0/../../../../avr/lib/avr5\libc.a(printf.o)
                              main.o (printf)
c:/program files (x86)/atmel/studio/7.0/toolchain/avr8/avr8-gnu-toolchain/bin/../lib/gcc/avr/5.4.0/../../../../avr/lib/avr5\libc.a(putchar.o)
                              main.o (putchar)
c:/program files (x86)/atmel/studio/7.0/toolchain/avr8/avr8-gnu-toolchain/bin/../lib/gcc/avr/5.4.0/../../../../avr/lib/avr5\libc.a(puts.o)
                              main.o (puts)
c:/program files (x86)/atmel/studio/7.0/toolchain/avr8/avr8-gnu-toolchain/bin/../lib/gcc/avr/5.4.0/../../../../avr/lib/avr5\libc.a(vfprintf_std.o)
                              c:/program files (x86)/atmel/studio/7.0/toolchain/avr8/avr8-gnu-toolchain/bin/../lib/gcc/avr/5.4.0/../../../../avr/lib/avr5\libc.a(printf.o) (vfprintf)
c:/program files (x86)/atmel/studio/7.0/toolchain/avr8/avr8-gnu-toolchain/bin/../lib/gcc/avr/5.4.0/../../../../avr/lib/avr5\libc.a(strnlen_P.o)
                              c:/program files (x86)/atmel/studio/7.0/toolchain/avr8/avr8-gnu-toolchain/bin/../lib/gcc/avr/5.4.0/../../../../avr/lib/avr5\libc.a(vfprintf_std.o) (strnlen_P)
c:/program files (x86)/atmel/studio/7.0/toolchain/avr8/avr8-gnu-toolchain/bin/../lib/gcc/avr/5.4.0/../../../../avr/lib/avr5\libc.a(strnlen.o)
                              c:/program files (x86)/atmel/studio/7.0/toolchain/avr8/avr8-gnu-toolchain/bin/../lib/gcc/avr/5.4.0/../../../../avr/lib/avr5\libc.a(vfprintf_std.o) (strnlen)
c:/program files (x86)/atmel/studio/7.0/toolchain/avr8/avr8-gnu-toolchain/bin/../lib/gcc/avr/5.4.0/../../../../avr/lib/avr5\libc.a(fputc.o)
                              c:/program files (x86)/atmel/studio/7.0/toolchain/avr8/avr8-gnu-toolchain/bin/../lib/gcc/avr/5.4.0/../../../../avr/lib/avr5\libc.a(putchar.o) (fputc)
c:/program files (x86)/atmel/studio/7.0/toolchain/avr8/avr8-gnu-toolchain/bin/../lib/gcc/avr/5.4.0/../../../../avr/lib/avr5\libc.a(ultoa_invert.o)
                              c:/program files (x86)/atmel/studio/7.0/toolchain/avr8/avr8-gnu-toolchain/bin/../lib/gcc/avr/5.4.0/../../../../avr/lib/avr5\libc.a(vfprintf_std.o) (__ultoa_invert)
c:/program files (x86)/atmel/studio/7.0/toolchain/avr8/avr8-gnu-toolchain/bin/../lib/gcc/avr/5.4.0/avr5\libgcc.a(_prologue.o)
                              c:/program files (x86)/atmel/studio/7.0/toolchain/avr8/avr8-gnu-toolchain/bin/../lib/gcc/avr/5.4.0/../../../../avr/lib/avr5\libc.a(printf.o) (__prologue_saves__)
c:/program files (x86)/atmel/studio/7.0/toolchain/avr8/avr8-gnu-toolchain/bin/../lib/gcc/avr/5.4.0/avr5\libgcc.a(_epilogue.o)
                              c:/program files (x86)/atmel/studio/7.0/toolchain/avr8/avr8-gnu-toolchain/bin/../lib/gcc/avr/5.4.0/../../../../avr/lib/avr5\libc.a(printf.o) (__epilogue_restores__)

Allocating common symbols
Common symbol       size              file

timer0_millis       0x4               main.o
__brkval            0x2               c:/program files (x86)/atmel/studio/7.0/toolchain/avr8/avr8-gnu-toolchain/bin/../lib/gcc/avr/5.4.0/../../../../avr/lib/avr5\libc.a(malloc.o)
min                 0x4               main.o
timer0_minutes      0x4               main.o
ACK                 0x8               main.o
__flp               0x2               c:/program files (x86)/atmel/studio/7.0/toolchain/avr8/avr8-gnu-toolchain/bin/../lib/gcc/avr/5.4.0/../../../../avr/lib/avr5\libc.a(malloc.o)
__iob               0x6               c:/program files (x86)/atmel/studio/7.0/toolchain/avr8/avr8-gnu-toolchain/bin/../lib/gcc/avr/5.4.0/../../../../avr/lib/avr5\libc.a(iob.o)
len                 0x1               main.o

Discarded input sections

 .data          0x00000000        0x0 C:/Program Files (x86)/Atmel/Studio/7.0/Packs/atmel/ATmega_DFP/1.2.150/gcc/dev/atmega328p/avr5/crtatmega328p.o
 .bss           0x00000000        0x0 C:/Program Files (x86)/Atmel/Studio/7.0/Packs/atmel/ATmega_DFP/1.2.150/gcc/dev/atmega328p/avr5/crtatmega328p.o
 .text          0x00000000        0x0 main.o
 .data          0x00000000        0x0 main.o
 .bss           0x00000000        0x0 main.o
 .text.ErrorGet
                0x00000000        0xa main.o
 .text.SPIend   0x00000000       0x12 main.o
 .text.getMask  0x00000000       0x18 main.o
 .text.unMaskAll
                0x00000000       0x6e main.o
 .text.getFifoTxBaseAddr
                0x00000000       0x24 main.o
 .text.getFifoRxBaseAddr
                0x00000000       0x24 main.o
 .text.getFifoRxCurrentAddr
                0x00000000       0x4c main.o
 .text.getRxNbBytes
                0x00000000       0x46 main.o
 .text.getRxHeaderCnt
                0x00000000       0x7e main.o
 .text.getRxPacketCnt
                0x00000000       0x7e main.o
 .text.getSymbTimeout
                0x00000000       0x80 main.o
 .text.getTxTimeout
                0x00000000        0xa main.o
 .text.setTxTimeout
                0x00000000        0xa main.o
 .text.getPayloadLength
                0x00000000       0x4a main.o
 .text.setPayloadMaxLength
                0x00000000       0x46 main.o
 .text.getfifoRxByteAddrPtr
                0x00000000       0x90 main.o
 .text.getPacketSize
                0x00000000        0x8 main.o
 .text.ACK_PACKET
                0x00000000       0x34 main.o
 .text.SEND_KEY_PACKET
                0x00000000       0x40 main.o
 .text.KEY_OVERIDE_PACKET
                0x00000000       0x40 main.o
 .text.FIN_PACKET
                0x00000000       0x30 main.o
 .text.FINACK_PACKET
                0x00000000       0x30 main.o
 .text.rdtSend  0x00000000       0x60 main.o
 .text.rdtReceive
                0x00000000       0x3a main.o
 .text.rdtKeyReceiveUntil
                0x00000000       0x42 main.o
 .rodata.SRC_ADDRESS
                0x00000000        0x1 main.o
 .rodata.headerSize
                0x00000000        0x2 main.o
 .rodata.OCP_DISABLE
                0x00000000        0x1 main.o
 .rodata.OCP_ENABLE
                0x00000000        0x1 main.o
 .rodata.LNA_BOOST
                0x00000000        0x1 main.o
 .rodata.LNA_DEFAULT
                0x00000000        0x1 main.o
 .rodata.PA_BOOST
                0x00000000        0x1 main.o
 .rodata.RFIO   0x00000000        0x1 main.o
 .rodata.MS_10  0x00000000        0x1 main.o
 .rodata.MS_12  0x00000000        0x1 main.o
 .rodata.MS_15  0x00000000        0x1 main.o
 .rodata.MS_20  0x00000000        0x1 main.o
 .rodata.MS_25  0x00000000        0x1 main.o
 .rodata.MS_31  0x00000000        0x1 main.o
 .rodata.MS_40  0x00000000        0x1 main.o
 .rodata.MS_50  0x00000000        0x1 main.o
 .rodata.MS_62  0x00000000        0x1 main.o
 .rodata.MS_100
                0x00000000        0x1 main.o
 .rodata.MS_125
                0x00000000        0x1 main.o
 .rodata.MS_250
                0x00000000        0x1 main.o
 .rodata.MS_3_4
                0x00000000        0x1 main.o
 .rodata.LOW_CONSUMPTION_PLL_R
                0x00000000        0x1 main.o
 .rodata.LOW_CONSUMPTION_PLL_TR
                0x00000000        0x1 main.o
 .rodata.INCORRECT_PACKET
                0x00000000        0x1 main.o
 .rodata.CORRECT_PACKET
                0x00000000        0x1 main.o
 .rodata.MAX_RETRIES
                0x00000000        0x1 main.o
 .rodata.MAX_WAIT
                0x00000000        0x2 main.o
 .rodata.MAX_TIMEOUT
                0x00000000        0x2 main.o
 .rodata.NOISE_ABSOLUTE_ZERO
                0x00000000        0x1 main.o
 .rodata.NOISE_FIGURE
                0x00000000        0x1 main.o
 .rodata.OFFSET_RSSI
                0x00000000        0x1 main.o
 .rodata.ACK_LENGTH
                0x00000000        0x1 main.o
 .rodata.MAX_PAYLOAD_FSK
                0x00000000        0x1 main.o
 .rodata.MAX_LENGTH_FSK
                0x00000000        0x1 main.o
 .rodata.MAX_PAYLOAD
                0x00000000        0x1 main.o
 .rodata.MAX_LENGTH
                0x00000000        0x1 main.o
 .rodata.BROADCAST_0
                0x00000000        0x1 main.o
 .rodata.FSK    0x00000000        0x1 main.o
 .rodata.LORA   0x00000000        0x1 main.o
 .rodata.AGC_AUTO_OFF
                0x00000000        0x1 main.o
 .rodata.AGC_AUTO_ON
                0x00000000        0x1 main.o
 .rodata.CRC_OFF
                0x00000000        0x1 main.o
 .rodata.CRC_ON
                0x00000000        0x1 main.o
 .rodata.HEADER_OFF
                0x00000000        0x1 main.o
 .rodata.HEADER_ON
                0x00000000        0x1 main.o
 .rodata.TX_CONTINUOUS_OFF
                0x00000000        0x1 main.o
 .rodata.TX_CONTINUOUS_ON
                0x00000000        0x1 main.o
 .rodata.LOW_DATARATE_OP_OFF
                0x00000000        0x1 main.o
 .rodata.LOW_DATARATE_OP_ON
                0x00000000        0x1 main.o
 .rodata.DT_SF6
                0x00000000        0x1 main.o
 .rodata.DT_SF7
                0x00000000        0x1 main.o
 .rodata.DO_SF6
                0x00000000        0x1 main.o
 .rodata.DO_SF7
                0x00000000        0x1 main.o
 .rodata.LORA_STANDBY_FSK_REGS_MODE
                0x00000000        0x1 main.o
 .rodata.LORA_CAD_MODE
                0x00000000        0x1 main.o
 .rodata.LORA_RX_MODE
                0x00000000        0x1 main.o
 .rodata.LORA_RX_CONT_MODE
                0x00000000        0x1 main.o
 .rodata.LORA_FSRX_MODE
                0x00000000        0x1 main.o
 .rodata.LORA_TX_MODE
                0x00000000        0x1 main.o
 .rodata.LORA_FSTX_MODE
                0x00000000        0x1 main.o
 .rodata.LORA_STANDBY_MODE
                0x00000000        0x1 main.o
 .rodata.LORA_SLEEP_MODE
                0x00000000        0x1 main.o
 .rodata.FSK_STANDBY_MODE
                0x00000000        0x1 main.o
 .rodata.FSK_SLEEP_MODE
                0x00000000        0x1 main.o
 .rodata.SF_12  0x00000000        0x1 main.o
 .rodata.SF_11  0x00000000        0x1 main.o
 .rodata.SF_10  0x00000000        0x1 main.o
 .rodata.SF_9   0x00000000        0x1 main.o
 .rodata.SF_8   0x00000000        0x1 main.o
 .rodata.SF_7   0x00000000        0x1 main.o
 .rodata.SF_6   0x00000000        0x1 main.o
 .rodata.CR_8   0x00000000        0x1 main.o
 .rodata.CR_7   0x00000000        0x1 main.o
 .rodata.CR_6   0x00000000        0x1 main.o
 .rodata.CR_5   0x00000000        0x1 main.o
 .rodata.SignalBwLog
                0x00000000        0xc main.o
 .rodata.BW_500
                0x00000000        0x1 main.o
 .rodata.BW_250
                0x00000000        0x1 main.o
 .rodata.BW_125
                0x00000000        0x1 main.o
 .rodata.BW_62_5
                0x00000000        0x1 main.o
 .rodata.BW_41_7
                0x00000000        0x1 main.o
 .rodata.BW_31_25
                0x00000000        0x1 main.o
 .rodata.BW_20_8
                0x00000000        0x1 main.o
 .rodata.BW_15_6
                0x00000000        0x1 main.o
 .rodata.BW_10_4
                0x00000000        0x1 main.o
 .rodata.BW_7_8
                0x00000000        0x1 main.o
 .rodata.SX1272_BW_500
                0x00000000        0x1 main.o
 .rodata.SX1272_BW_250
                0x00000000        0x1 main.o
 .rodata.SX1272_BW_125
                0x00000000        0x1 main.o
 .rodata.CH_03_433
                0x00000000        0x4 main.o
 .rodata.CH_02_433
                0x00000000        0x4 main.o
 .rodata.CH_01_433
                0x00000000        0x4 main.o
 .rodata.CH_00_433
                0x00000000        0x4 main.o
 .rodata.CH_12_900
                0x00000000        0x4 main.o
 .rodata.CH_11_900
                0x00000000        0x4 main.o
 .rodata.CH_10_900
                0x00000000        0x4 main.o
 .rodata.CH_09_900
                0x00000000        0x4 main.o
 .rodata.CH_08_900
                0x00000000        0x4 main.o
 .rodata.CH_07_900
                0x00000000        0x4 main.o
 .rodata.CH_06_900
                0x00000000        0x4 main.o
 .rodata.CH_05_900
                0x00000000        0x4 main.o
 .rodata.CH_04_900
                0x00000000        0x4 main.o
 .rodata.CH_03_900
                0x00000000        0x4 main.o
 .rodata.CH_02_900
                0x00000000        0x4 main.o
 .rodata.CH_01_900
                0x00000000        0x4 main.o
 .rodata.CH_00_900
                0x00000000        0x4 main.o
 .rodata.CH_18_868
                0x00000000        0x4 main.o
 .rodata.CH_17_868
                0x00000000        0x4 main.o
 .rodata.CH_16_868
                0x00000000        0x4 main.o
 .rodata.CH_15_868
                0x00000000        0x4 main.o
 .rodata.CH_14_868
                0x00000000        0x4 main.o
 .rodata.CH_13_868
                0x00000000        0x4 main.o
 .rodata.CH_12_868
                0x00000000        0x4 main.o
 .rodata.CH_11_868
                0x00000000        0x4 main.o
 .rodata.CH_10_868
                0x00000000        0x4 main.o
 .rodata.CH_09_868
                0x00000000        0x4 main.o
 .rodata.CH_08_868
                0x00000000        0x4 main.o
 .rodata.CH_07_868
                0x00000000        0x4 main.o
 .rodata.CH_06_868
                0x00000000        0x4 main.o
 .rodata.CH_05_868
                0x00000000        0x4 main.o
 .rodata.CH_04_868
                0x00000000        0x4 main.o
 .text          0x00000000        0x0 c:/program files (x86)/atmel/studio/7.0/toolchain/avr8/avr8-gnu-toolchain/bin/../lib/gcc/avr/5.4.0/avr5\libgcc.a(_exit.o)
 .data          0x00000000        0x0 c:/program files (x86)/atmel/studio/7.0/toolchain/avr8/avr8-gnu-toolchain/bin/../lib/gcc/avr/5.4.0/avr5\libgcc.a(_exit.o)
 .bss           0x00000000        0x0 c:/program files (x86)/atmel/studio/7.0/toolchain/avr8/avr8-gnu-toolchain/bin/../lib/gcc/avr/5.4.0/avr5\libgcc.a(_exit.o)
 .text.libgcc.mul
                0x00000000        0x0 c:/program files (x86)/atmel/studio/7.0/toolchain/avr8/avr8-gnu-toolchain/bin/../lib/gcc/avr/5.4.0/avr5\libgcc.a(_exit.o)
 .text.libgcc.div
                0x00000000        0x0 c:/program files (x86)/atmel/studio/7.0/toolchain/avr8/avr8-gnu-toolchain/bin/../lib/gcc/avr/5.4.0/avr5\libgcc.a(_exit.o)
 .text.libgcc   0x00000000        0x0 c:/program files (x86)/atmel/studio/7.0/toolchain/avr8/avr8-gnu-toolchain/bin/../lib/gcc/avr/5.4.0/avr5\libgcc.a(_exit.o)
 .text.libgcc.prologue
                0x00000000        0x0 c:/program files (x86)/atmel/studio/7.0/toolchain/avr8/avr8-gnu-toolchain/bin/../lib/gcc/avr/5.4.0/avr5\libgcc.a(_exit.o)
 .text.libgcc.builtins
                0x00000000        0x0 c:/program files (x86)/atmel/studio/7.0/toolchain/avr8/avr8-gnu-toolchain/bin/../lib/gcc/avr/5.4.0/avr5\libgcc.a(_exit.o)
 .text.libgcc.fmul
                0x00000000        0x0 c:/program files (x86)/atmel/studio/7.0/toolchain/avr8/avr8-gnu-toolchain/bin/../lib/gcc/avr/5.4.0/avr5\libgcc.a(_exit.o)
 .text.libgcc.fixed
                0x00000000        0x0 c:/program files (x86)/atmel/studio/7.0/toolchain/avr8/avr8-gnu-toolchain/bin/../lib/gcc/avr/5.4.0/avr5\libgcc.a(_exit.o)
 .text          0x00000000        0x0 c:/program files (x86)/atmel/studio/7.0/toolchain/avr8/avr8-gnu-toolchain/bin/../lib/gcc/avr/5.4.0/avr5\libgcc.a(_copy_data.o)
 .data          0x00000000        0x0 c:/program files (x86)/atmel/studio/7.0/toolchain/avr8/avr8-gnu-toolchain/bin/../lib/gcc/avr/5.4.0/avr5\libgcc.a(_copy_data.o)
 .bss           0x00000000        0x0 c:/program files (x86)/atmel/studio/7.0/toolchain/avr8/avr8-gnu-toolchain/bin/../lib/gcc/avr/5.4.0/avr5\libgcc.a(_copy_data.o)
 .text.libgcc.mul
                0x00000000        0x0 c:/program files (x86)/atmel/studio/7.0/toolchain/avr8/avr8-gnu-toolchain/bin/../lib/gcc/avr/5.4.0/avr5\libgcc.a(_copy_data.o)
 .text.libgcc.div
                0x00000000        0x0 c:/program files (x86)/atmel/studio/7.0/toolchain/avr8/avr8-gnu-toolchain/bin/../lib/gcc/avr/5.4.0/avr5\libgcc.a(_copy_data.o)
 .text.libgcc   0x00000000        0x0 c:/program files (x86)/atmel/studio/7.0/toolchain/avr8/avr8-gnu-toolchain/bin/../lib/gcc/avr/5.4.0/avr5\libgcc.a(_copy_data.o)
 .text.libgcc.prologue
                0x00000000        0x0 c:/program files (x86)/atmel/studio/7.0/toolchain/avr8/avr8-gnu-toolchain/bin/../lib/gcc/avr/5.4.0/avr5\libgcc.a(_copy_data.o)
 .text.libgcc.builtins
                0x00000000        0x0 c:/program files (x86)/atmel/studio/7.0/toolchain/avr8/avr8-gnu-toolchain/bin/../lib/gcc/avr/5.4.0/avr5\libgcc.a(_copy_data.o)
 .text.libgcc.fmul
                0x00000000        0x0 c:/program files (x86)/atmel/studio/7.0/toolchain/avr8/avr8-gnu-toolchain/bin/../lib/gcc/avr/5.4.0/avr5\libgcc.a(_copy_data.o)
 .text.libgcc.fixed
                0x00000000        0x0 c:/program files (x86)/atmel/studio/7.0/toolchain/avr8/avr8-gnu-toolchain/bin/../lib/gcc/avr/5.4.0/avr5\libgcc.a(_copy_data.o)
 .text          0x00000000        0x0 c:/program files (x86)/atmel/studio/7.0/toolchain/avr8/avr8-gnu-toolchain/bin/../lib/gcc/avr/5.4.0/avr5\libgcc.a(_clear_bss.o)
 .data          0x00000000        0x0 c:/program files (x86)/atmel/studio/7.0/toolchain/avr8/avr8-gnu-toolchain/bin/../lib/gcc/avr/5.4.0/avr5\libgcc.a(_clear_bss.o)
 .bss           0x00000000        0x0 c:/program files (x86)/atmel/studio/7.0/toolchain/avr8/avr8-gnu-toolchain/bin/../lib/gcc/avr/5.4.0/avr5\libgcc.a(_clear_bss.o)
 .text.libgcc.mul
                0x00000000        0x0 c:/program files (x86)/atmel/studio/7.0/toolchain/avr8/avr8-gnu-toolchain/bin/../lib/gcc/avr/5.4.0/avr5\libgcc.a(_clear_bss.o)
 .text.libgcc.div
                0x00000000        0x0 c:/program files (x86)/atmel/studio/7.0/toolchain/avr8/avr8-gnu-toolchain/bin/../lib/gcc/avr/5.4.0/avr5\libgcc.a(_clear_bss.o)
 .text.libgcc   0x00000000        0x0 c:/program files (x86)/atmel/studio/7.0/toolchain/avr8/avr8-gnu-toolchain/bin/../lib/gcc/avr/5.4.0/avr5\libgcc.a(_clear_bss.o)
 .text.libgcc.prologue
                0x00000000        0x0 c:/program files (x86)/atmel/studio/7.0/toolchain/avr8/avr8-gnu-toolchain/bin/../lib/gcc/avr/5.4.0/avr5\libgcc.a(_clear_bss.o)
 .text.libgcc.builtins
                0x00000000        0x0 c:/program files (x86)/atmel/studio/7.0/toolchain/avr8/avr8-gnu-toolchain/bin/../lib/gcc/avr/5.4.0/avr5\libgcc.a(_clear_bss.o)
 .text.libgcc.fmul
                0x00000000        0x0 c:/program files (x86)/atmel/studio/7.0/toolchain/avr8/avr8-gnu-toolchain/bin/../lib/gcc/avr/5.4.0/avr5\libgcc.a(_clear_bss.o)
 .text.libgcc.fixed
                0x00000000        0x0 c:/program files (x86)/atmel/studio/7.0/toolchain/avr8/avr8-gnu-toolchain/bin/../lib/gcc/avr/5.4.0/avr5\libgcc.a(_clear_bss.o)
 .text          0x00000000        0x0 c:/program files (x86)/atmel/studio/7.0/toolchain/avr8/avr8-gnu-toolchain/bin/../lib/gcc/avr/5.4.0/../../../../avr/lib/avr5\libc.a(malloc.o)
 .bss           0x00000000        0x0 c:/program files (x86)/atmel/studio/7.0/toolchain/avr8/avr8-gnu-toolchain/bin/../lib/gcc/avr/5.4.0/../../../../avr/lib/avr5\libc.a(malloc.o)
 .text          0x00000000        0x0 c:/program files (x86)/atmel/studio/7.0/toolchain/avr8/avr8-gnu-toolchain/bin/../lib/gcc/avr/5.4.0/../../../../avr/lib/avr5\libc.a(iob.o)
 .data          0x00000000        0x0 c:/program files (x86)/atmel/studio/7.0/toolchain/avr8/avr8-gnu-toolchain/bin/../lib/gcc/avr/5.4.0/../../../../avr/lib/avr5\libc.a(iob.o)
 .bss           0x00000000        0x0 c:/program files (x86)/atmel/studio/7.0/toolchain/avr8/avr8-gnu-toolchain/bin/../lib/gcc/avr/5.4.0/../../../../avr/lib/avr5\libc.a(iob.o)
 .text          0x00000000        0x0 c:/program files (x86)/atmel/studio/7.0/toolchain/avr8/avr8-gnu-toolchain/bin/../lib/gcc/avr/5.4.0/../../../../avr/lib/avr5\libc.a(printf.o)
 .data          0x00000000        0x0 c:/program files (x86)/atmel/studio/7.0/toolchain/avr8/avr8-gnu-toolchain/bin/../lib/gcc/avr/5.4.0/../../../../avr/lib/avr5\libc.a(printf.o)
 .bss           0x00000000        0x0 c:/program files (x86)/atmel/studio/7.0/toolchain/avr8/avr8-gnu-toolchain/bin/../lib/gcc/avr/5.4.0/../../../../avr/lib/avr5\libc.a(printf.o)
 .text          0x00000000        0x0 c:/program files (x86)/atmel/studio/7.0/toolchain/avr8/avr8-gnu-toolchain/bin/../lib/gcc/avr/5.4.0/../../../../avr/lib/avr5\libc.a(putchar.o)
 .data          0x00000000        0x0 c:/program files (x86)/atmel/studio/7.0/toolchain/avr8/avr8-gnu-toolchain/bin/../lib/gcc/avr/5.4.0/../../../../avr/lib/avr5\libc.a(putchar.o)
 .bss           0x00000000        0x0 c:/program files (x86)/atmel/studio/7.0/toolchain/avr8/avr8-gnu-toolchain/bin/../lib/gcc/avr/5.4.0/../../../../avr/lib/avr5\libc.a(putchar.o)
 .text          0x00000000        0x0 c:/program files (x86)/atmel/studio/7.0/toolchain/avr8/avr8-gnu-toolchain/bin/../lib/gcc/avr/5.4.0/../../../../avr/lib/avr5\libc.a(puts.o)
 .data          0x00000000        0x0 c:/program files (x86)/atmel/studio/7.0/toolchain/avr8/avr8-gnu-toolchain/bin/../lib/gcc/avr/5.4.0/../../../../avr/lib/avr5\libc.a(puts.o)
 .bss           0x00000000        0x0 c:/program files (x86)/atmel/studio/7.0/toolchain/avr8/avr8-gnu-toolchain/bin/../lib/gcc/avr/5.4.0/../../../../avr/lib/avr5\libc.a(puts.o)
 .text          0x00000000        0x0 c:/program files (x86)/atmel/studio/7.0/toolchain/avr8/avr8-gnu-toolchain/bin/../lib/gcc/avr/5.4.0/../../../../avr/lib/avr5\libc.a(vfprintf_std.o)
 .data          0x00000000        0x0 c:/program files (x86)/atmel/studio/7.0/toolchain/avr8/avr8-gnu-toolchain/bin/../lib/gcc/avr/5.4.0/../../../../avr/lib/avr5\libc.a(vfprintf_std.o)
 .bss           0x00000000        0x0 c:/program files (x86)/atmel/studio/7.0/toolchain/avr8/avr8-gnu-toolchain/bin/../lib/gcc/avr/5.4.0/../../../../avr/lib/avr5\libc.a(vfprintf_std.o)
 .text          0x00000000        0x0 c:/program files (x86)/atmel/studio/7.0/toolchain/avr8/avr8-gnu-toolchain/bin/../lib/gcc/avr/5.4.0/../../../../avr/lib/avr5\libc.a(strnlen_P.o)
 .data          0x00000000        0x0 c:/program files (x86)/atmel/studio/7.0/toolchain/avr8/avr8-gnu-toolchain/bin/../lib/gcc/avr/5.4.0/../../../../avr/lib/avr5\libc.a(strnlen_P.o)
 .bss           0x00000000        0x0 c:/program files (x86)/atmel/studio/7.0/toolchain/avr8/avr8-gnu-toolchain/bin/../lib/gcc/avr/5.4.0/../../../../avr/lib/avr5\libc.a(strnlen_P.o)
 .text          0x00000000        0x0 c:/program files (x86)/atmel/studio/7.0/toolchain/avr8/avr8-gnu-toolchain/bin/../lib/gcc/avr/5.4.0/../../../../avr/lib/avr5\libc.a(strnlen.o)
 .data          0x00000000        0x0 c:/program files (x86)/atmel/studio/7.0/toolchain/avr8/avr8-gnu-toolchain/bin/../lib/gcc/avr/5.4.0/../../../../avr/lib/avr5\libc.a(strnlen.o)
 .bss           0x00000000        0x0 c:/program files (x86)/atmel/studio/7.0/toolchain/avr8/avr8-gnu-toolchain/bin/../lib/gcc/avr/5.4.0/../../../../avr/lib/avr5\libc.a(strnlen.o)
 .text          0x00000000        0x0 c:/program files (x86)/atmel/studio/7.0/toolchain/avr8/avr8-gnu-toolchain/bin/../lib/gcc/avr/5.4.0/../../../../avr/lib/avr5\libc.a(fputc.o)
 .data          0x00000000        0x0 c:/program files (x86)/atmel/studio/7.0/toolchain/avr8/avr8-gnu-toolchain/bin/../lib/gcc/avr/5.4.0/../../../../avr/lib/avr5\libc.a(fputc.o)
 .bss           0x00000000        0x0 c:/program files (x86)/atmel/studio/7.0/toolchain/avr8/avr8-gnu-toolchain/bin/../lib/gcc/avr/5.4.0/../../../../avr/lib/avr5\libc.a(fputc.o)
 .text          0x00000000        0x0 c:/program files (x86)/atmel/studio/7.0/toolchain/avr8/avr8-gnu-toolchain/bin/../lib/gcc/avr/5.4.0/../../../../avr/lib/avr5\libc.a(ultoa_invert.o)
 .data          0x00000000        0x0 c:/program files (x86)/atmel/studio/7.0/toolchain/avr8/avr8-gnu-toolchain/bin/../lib/gcc/avr/5.4.0/../../../../avr/lib/avr5\libc.a(ultoa_invert.o)
 .bss           0x00000000        0x0 c:/program files (x86)/atmel/studio/7.0/toolchain/avr8/avr8-gnu-toolchain/bin/../lib/gcc/avr/5.4.0/../../../../avr/lib/avr5\libc.a(ultoa_invert.o)
 .text          0x00000000        0x0 c:/program files (x86)/atmel/studio/7.0/toolchain/avr8/avr8-gnu-toolchain/bin/../lib/gcc/avr/5.4.0/avr5\libgcc.a(_prologue.o)
 .data          0x00000000        0x0 c:/program files (x86)/atmel/studio/7.0/toolchain/avr8/avr8-gnu-toolchain/bin/../lib/gcc/avr/5.4.0/avr5\libgcc.a(_prologue.o)
 .bss           0x00000000        0x0 c:/program files (x86)/atmel/studio/7.0/toolchain/avr8/avr8-gnu-toolchain/bin/../lib/gcc/avr/5.4.0/avr5\libgcc.a(_prologue.o)
 .text.libgcc.mul
                0x00000000        0x0 c:/program files (x86)/atmel/studio/7.0/toolchain/avr8/avr8-gnu-toolchain/bin/../lib/gcc/avr/5.4.0/avr5\libgcc.a(_prologue.o)
 .text.libgcc.div
                0x00000000        0x0 c:/program files (x86)/atmel/studio/7.0/toolchain/avr8/avr8-gnu-toolchain/bin/../lib/gcc/avr/5.4.0/avr5\libgcc.a(_prologue.o)
 .text.libgcc   0x00000000        0x0 c:/program files (x86)/atmel/studio/7.0/toolchain/avr8/avr8-gnu-toolchain/bin/../lib/gcc/avr/5.4.0/avr5\libgcc.a(_prologue.o)
 .text.libgcc.builtins
                0x00000000        0x0 c:/program files (x86)/atmel/studio/7.0/toolchain/avr8/avr8-gnu-toolchain/bin/../lib/gcc/avr/5.4.0/avr5\libgcc.a(_prologue.o)
 .text.libgcc.fmul
                0x00000000        0x0 c:/program files (x86)/atmel/studio/7.0/toolchain/avr8/avr8-gnu-toolchain/bin/../lib/gcc/avr/5.4.0/avr5\libgcc.a(_prologue.o)
 .text.libgcc.fixed
                0x00000000        0x0 c:/program files (x86)/atmel/studio/7.0/toolchain/avr8/avr8-gnu-toolchain/bin/../lib/gcc/avr/5.4.0/avr5\libgcc.a(_prologue.o)
 .text          0x00000000        0x0 c:/program files (x86)/atmel/studio/7.0/toolchain/avr8/avr8-gnu-toolchain/bin/../lib/gcc/avr/5.4.0/avr5\libgcc.a(_epilogue.o)
 .data          0x00000000        0x0 c:/program files (x86)/atmel/studio/7.0/toolchain/avr8/avr8-gnu-toolchain/bin/../lib/gcc/avr/5.4.0/avr5\libgcc.a(_epilogue.o)
 .bss           0x00000000        0x0 c:/program files (x86)/atmel/studio/7.0/toolchain/avr8/avr8-gnu-toolchain/bin/../lib/gcc/avr/5.4.0/avr5\libgcc.a(_epilogue.o)
 .text.libgcc.mul
                0x00000000        0x0 c:/program files (x86)/atmel/studio/7.0/toolchain/avr8/avr8-gnu-toolchain/bin/../lib/gcc/avr/5.4.0/avr5\libgcc.a(_epilogue.o)
 .text.libgcc.div
                0x00000000        0x0 c:/program files (x86)/atmel/studio/7.0/toolchain/avr8/avr8-gnu-toolchain/bin/../lib/gcc/avr/5.4.0/avr5\libgcc.a(_epilogue.o)
 .text.libgcc   0x00000000        0x0 c:/program files (x86)/atmel/studio/7.0/toolchain/avr8/avr8-gnu-toolchain/bin/../lib/gcc/avr/5.4.0/avr5\libgcc.a(_epilogue.o)
 .text.libgcc.builtins
                0x00000000        0x0 c:/program files (x86)/atmel/studio/7.0/toolchain/avr8/avr8-gnu-toolchain/bin/../lib/gcc/avr/5.4.0/avr5\libgcc.a(_epilogue.o)
 .text.libgcc.fmul
                0x00000000        0x0 c:/program files (x86)/atmel/studio/7.0/toolchain/avr8/avr8-gnu-toolchain/bin/../lib/gcc/avr/5.4.0/avr5\libgcc.a(_epilogue.o)
 .text.libgcc.fixed
                0x00000000        0x0 c:/program files (x86)/atmel/studio/7.0/toolchain/avr8/avr8-gnu-toolchain/bin/../lib/gcc/avr/5.4.0/avr5\libgcc.a(_epilogue.o)

Memory Configuration

Name             Origin             Length             Attributes
text             0x00000000         0x00020000         xr
data             0x00800060         0x0000ffa0         rw !x
eeprom           0x00810000         0x00010000         rw !x
fuse             0x00820000         0x00000003         rw !x
lock             0x00830000         0x00000400         rw !x
signature        0x00840000         0x00000400         rw !x
user_signatures  0x00850000         0x00000400         rw !x
*default*        0x00000000         0xffffffff

Linker script and memory map

Address of section .data set to 0x800100
LOAD C:/Program Files (x86)/Atmel/Studio/7.0/Packs/atmel/ATmega_DFP/1.2.150/gcc/dev/atmega328p/avr5/crtatmega328p.o
LOAD main.o
START GROUP
LOAD c:/program files (x86)/atmel/studio/7.0/toolchain/avr8/avr8-gnu-toolchain/bin/../lib/gcc/avr/5.4.0/../../../../avr/lib/avr5\libm.a
END GROUP
START GROUP
LOAD c:/program files (x86)/atmel/studio/7.0/toolchain/avr8/avr8-gnu-toolchain/bin/../lib/gcc/avr/5.4.0/avr5\libgcc.a
LOAD c:/program files (x86)/atmel/studio/7.0/toolchain/avr8/avr8-gnu-toolchain/bin/../lib/gcc/avr/5.4.0/../../../../avr/lib/avr5\libm.a
LOAD c:/program files (x86)/atmel/studio/7.0/toolchain/avr8/avr8-gnu-toolchain/bin/../lib/gcc/avr/5.4.0/../../../../avr/lib/avr5\libc.a
LOAD C:/Program Files (x86)/Atmel/Studio/7.0/Packs/atmel/ATmega_DFP/1.2.150/gcc/dev/atmega328p/avr5\libatmega328p.a
END GROUP
                0x00020000                __TEXT_REGION_LENGTH__ = DEFINED (__TEXT_REGION_LENGTH__)?__TEXT_REGION_LENGTH__:0x20000
                0x0000ffa0                __DATA_REGION_LENGTH__ = DEFINED (__DATA_REGION_LENGTH__)?__DATA_REGION_LENGTH__:0xffa0
                0x00010000                __EEPROM_REGION_LENGTH__ = DEFINED (__EEPROM_REGION_LENGTH__)?__EEPROM_REGION_LENGTH__:0x10000
                [0x00000003]                __FUSE_REGION_LENGTH__ = DEFINED (__FUSE_REGION_LENGTH__)?__FUSE_REGION_LENGTH__:0x400
                0x00000400                __LOCK_REGION_LENGTH__ = DEFINED (__LOCK_REGION_LENGTH__)?__LOCK_REGION_LENGTH__:0x400
                0x00000400                __SIGNATURE_REGION_LENGTH__ = DEFINED (__SIGNATURE_REGION_LENGTH__)?__SIGNATURE_REGION_LENGTH__:0x400
                0x00000400                __USER_SIGNATURE_REGION_LENGTH__ = DEFINED (__USER_SIGNATURE_REGION_LENGTH__)?__USER_SIGNATURE_REGION_LENGTH__:0x400

.hash
 *(.hash)

.dynsym
 *(.dynsym)

.dynstr
 *(.dynstr)

.gnu.version
 *(.gnu.version)

.gnu.version_d
 *(.gnu.version_d)

.gnu.version_r
 *(.gnu.version_r)

.rel.init
 *(.rel.init)

.rela.init
 *(.rela.init)

.rel.text
 *(.rel.text)
 *(.rel.text.*)
 *(.rel.gnu.linkonce.t*)

.rela.text
 *(.rela.text)
 *(.rela.text.*)
 *(.rela.gnu.linkonce.t*)

.rel.fini
 *(.rel.fini)

.rela.fini
 *(.rela.fini)

.rel.rodata
 *(.rel.rodata)
 *(.rel.rodata.*)
 *(.rel.gnu.linkonce.r*)

.rela.rodata
 *(.rela.rodata)
 *(.rela.rodata.*)
 *(.rela.gnu.linkonce.r*)

.rel.data
 *(.rel.data)
 *(.rel.data.*)
 *(.rel.gnu.linkonce.d*)

.rela.data
 *(.rela.data)
 *(.rela.data.*)
 *(.rela.gnu.linkonce.d*)

.rel.ctors
 *(.rel.ctors)

.rela.ctors
 *(.rela.ctors)

.rel.dtors
 *(.rel.dtors)

.rela.dtors
 *(.rela.dtors)

.rel.got
 *(.rel.got)

.rela.got
 *(.rela.got)

.rel.bss
 *(.rel.bss)

.rela.bss
 *(.rela.bss)

.rel.plt
 *(.rel.plt)

.rela.plt
 *(.rela.plt)

.text           0x00000000     0x27f6
 *(.vectors)
 .vectors       0x00000000       0x68 C:/Program Files (x86)/Atmel/Studio/7.0/Packs/atmel/ATmega_DFP/1.2.150/gcc/dev/atmega328p/avr5/crtatmega328p.o
                0x00000000                __vector_default
                0x00000000                __vectors
 *(.vectors)
 *(.progmem.gcc*)
                0x00000068                . = ALIGN (0x2)
                0x00000068                __trampolines_start = .
 *(.trampolines)
 .trampolines   0x00000068        0x0 linker stubs
 *(.trampolines*)
                0x00000068                __trampolines_end = .
 *libprintf_flt.a:*(.progmem.data)
 *libc.a:*(.progmem.data)
 *(.progmem*)
                0x00000068                . = ALIGN (0x2)
 *(.jumptables)
 *(.jumptables*)
 *(.lowtext)
 *(.lowtext*)
                0x00000068                __ctors_start = .
 *(.ctors)
                0x00000068                __ctors_end = .
                0x00000068                __dtors_start = .
 *(.dtors)
                0x00000068                __dtors_end = .
 SORT(*)(.ctors)
 SORT(*)(.dtors)
 *(.init0)
 .init0         0x00000068        0x0 C:/Program Files (x86)/Atmel/Studio/7.0/Packs/atmel/ATmega_DFP/1.2.150/gcc/dev/atmega328p/avr5/crtatmega328p.o
                0x00000068                __init
 *(.init0)
 *(.init1)
 *(.init1)
 *(.init2)
 .init2         0x00000068        0xc C:/Program Files (x86)/Atmel/Studio/7.0/Packs/atmel/ATmega_DFP/1.2.150/gcc/dev/atmega328p/avr5/crtatmega328p.o
 *(.init2)
 *(.init3)
 *(.init3)
 *(.init4)
 .init4         0x00000074       0x16 c:/program files (x86)/atmel/studio/7.0/toolchain/avr8/avr8-gnu-toolchain/bin/../lib/gcc/avr/5.4.0/avr5\libgcc.a(_copy_data.o)
                0x00000074                __do_copy_data
 .init4         0x0000008a       0x10 c:/program files (x86)/atmel/studio/7.0/toolchain/avr8/avr8-gnu-toolchain/bin/../lib/gcc/avr/5.4.0/avr5\libgcc.a(_clear_bss.o)
                0x0000008a                __do_clear_bss
 *(.init4)
 *(.init5)
 *(.init5)
 *(.init6)
 *(.init6)
 *(.init7)
 *(.init7)
 *(.init8)
 *(.init8)
 *(.init9)
 .init9         0x0000009a        0x8 C:/Program Files (x86)/Atmel/Studio/7.0/Packs/atmel/ATmega_DFP/1.2.150/gcc/dev/atmega328p/avr5/crtatmega328p.o
 *(.init9)
 *(.text)
 .text          0x000000a2        0x4 C:/Program Files (x86)/Atmel/Studio/7.0/Packs/atmel/ATmega_DFP/1.2.150/gcc/dev/atmega328p/avr5/crtatmega328p.o
                0x000000a2                __vector_22
                0x000000a2                __vector_1
                0x000000a2                __vector_24
                0x000000a2                __vector_12
                0x000000a2                __bad_interrupt
                0x000000a2                __vector_6
                0x000000a2                __vector_3
                0x000000a2                __vector_23
                0x000000a2                __vector_25
                0x000000a2                __vector_11
                0x000000a2                __vector_13
                0x000000a2                __vector_17
                0x000000a2                __vector_19
                0x000000a2                __vector_7
                0x000000a2                __vector_5
                0x000000a2                __vector_9
                0x000000a2                __vector_2
                0x000000a2                __vector_21
                0x000000a2                __vector_15
                0x000000a2                __vector_8
                0x000000a2                __vector_10
                0x000000a2                __vector_16
                0x000000a2                __vector_18
                0x000000a2                __vector_20
                0x000000a6                . = ALIGN (0x2)
 *(.text.*)
 .text.USART_Receive
                0x000000a6       0x12 main.o
 .text.USART_Transmit
                0x000000b8       0x28 main.o
 .text.ErrorSet
                0x000000e0       0x22 main.o
                0x000000e0                ErrorSet
 .text.ErrorSetMsg
                0x00000102       0x2a main.o
                0x00000102                ErrorSetMsg
 .text.SPIbegin
                0x0000012c       0x68 main.o
                0x0000012c                SPIbegin
 .text.getOpMode
                0x00000194       0x34 main.o
                0x00000194                getOpMode
 .text.setLora  0x000001c8       0xe4 main.o
                0x000001c8                setLora
 .text.setValidFIFO
                0x000002ac       0x7e main.o
                0x000002ac                setValidFIFO
 .text.checkValidState
                0x0000032a       0x1c main.o
                0x0000032a                checkValidState
 .text.setValidState
                0x00000346       0x30 main.o
                0x00000346                setValidState
 .text.setOpMode
                0x00000376       0x2e main.o
                0x00000376                setOpMode
 .text.setFrequency
                0x000003a4       0x94 main.o
                0x000003a4                setFrequency
 .text.setPower
                0x00000438       0xe0 main.o
                0x00000438                setPower
 .text.setPARamp
                0x00000518       0x38 main.o
                0x00000518                setPARamp
 .text.setLnaGain
                0x00000550       0x38 main.o
                0x00000550                setLnaGain
 .text.setModemConfig
                0x00000588      0x164 main.o
                0x00000588                setModemConfig
 .text.setDetectionThreshold
                0x000006ec       0x2e main.o
                0x000006ec                setDetectionThreshold
 .text.setDetectionOptimize
                0x0000071a       0x2e main.o
                0x0000071a                setDetectionOptimize
 .text.setOcp   0x00000748       0x38 main.o
                0x00000748                setOcp
 .text.sx1272init
                0x00000780       0xd0 main.o
                0x00000780                sx1272init
 .text.setMask  0x00000850       0xc6 main.o
                0x00000850                setMask
 .text.maskAll  0x00000916       0x72 main.o
                0x00000916                maskAll
 .text.getFlag  0x00000988       0x3a main.o
                0x00000988                getFlag
 .text.clearFlag
                0x000009c2       0x80 main.o
                0x000009c2                clearFlag
 .text.clearAll
                0x00000a42       0x6c main.o
                0x00000a42                clearAll
 .text.sync     0x00000aae      0x280 main.o
                0x00000aae                sync
 .text.getFifoAddrPtr
                0x00000d2e       0x4c main.o
                0x00000d2e                getFifoAddrPtr
 .text.setFifoAddrPtr
                0x00000d7a       0x7e main.o
                0x00000d7a                setFifoAddrPtr
 .text.setFifoTxBaseAddr
                0x00000df8       0x7e main.o
                0x00000df8                setFifoTxBaseAddr
 .text.setFifoRxBaseAddr
                0x00000e76       0x7e main.o
                0x00000e76                setFifoRxBaseAddr
 .text.setSymbTimeout
                0x00000ef4       0x98 main.o
                0x00000ef4                setSymbTimeout
 .text.setPreambleLength
                0x00000f8c       0x6e main.o
                0x00000f8c                setPreambleLength
 .text.setPayloadLength
                0x00000ffa       0x46 main.o
                0x00000ffa                setPayloadLength
 .text.getPayloadMaxLength
                0x00001040       0x4a main.o
                0x00001040                getPayloadMaxLength
 .text.minutes  0x0000108a       0x16 main.o
                0x0000108a                minutes
 .text.millis   0x000010a0       0x16 main.o
                0x000010a0                millis
 .text.__vector_14
                0x000010b6       0xd6 main.o
                0x000010b6                __vector_14
 .text.millis_init
                0x0000118c       0x34 main.o
                0x0000118c                millis_init
 .text.txInit   0x000011c0      0x12c main.o
                0x000011c0                txInit
 .text.rxInit   0x000012ec       0xc2 main.o
                0x000012ec                rxInit
 .text.Tx       0x000013ae       0x4e main.o
                0x000013ae                Tx
 .text.send     0x000013fc      0x16c main.o
                0x000013fc                send
 .text.Rx       0x00001568       0xb8 main.o
                0x00001568                Rx
 .text.receive  0x00001620      0x288 main.o
                0x00001620                receive
 .text.KEY_REQUEST_PACKET
                0x000018a8       0x30 main.o
                0x000018a8                KEY_REQUEST_PACKET
 .text.KEY_ACCEPT_PACKET
                0x000018d8       0x40 main.o
                0x000018d8                KEY_ACCEPT_PACKET
 .text.keypad_init
                0x00001918       0x26 main.o
                0x00001918                keypad_init
 .text.getChar  0x0000193e      0x132 main.o
                0x0000193e                getChar
 .text.getReliableChar
                0x00001a70       0x30 main.o
                0x00001a70                getReliableChar
 .text.updateKey
                0x00001aa0      0x18c main.o
                0x00001aa0                updateKey
 .text.authenticate
                0x00001c2c       0xce main.o
                0x00001c2c                authenticate
 .text.__vector_4
                0x00001cfa       0x54 main.o
                0x00001cfa                __vector_4
 .text.main     0x00001d4e      0x238 main.o
                0x00001d4e                main
 .text.avr-libc
                0x00001f86      0x242 c:/program files (x86)/atmel/studio/7.0/toolchain/avr8/avr8-gnu-toolchain/bin/../lib/gcc/avr/5.4.0/../../../../avr/lib/avr5\libc.a(malloc.o)
                0x00001f86                malloc
                0x000020b6                free
 .text.avr-libc
                0x000021c8       0x2c c:/program files (x86)/atmel/studio/7.0/toolchain/avr8/avr8-gnu-toolchain/bin/../lib/gcc/avr/5.4.0/../../../../avr/lib/avr5\libc.a(printf.o)
                0x000021c8                printf
 .text.avr-libc
                0x000021f4        0xe c:/program files (x86)/atmel/studio/7.0/toolchain/avr8/avr8-gnu-toolchain/bin/../lib/gcc/avr/5.4.0/../../../../avr/lib/avr5\libc.a(putchar.o)
                0x000021f4                putchar
 .text.avr-libc
                0x00002202       0x60 c:/program files (x86)/atmel/studio/7.0/toolchain/avr8/avr8-gnu-toolchain/bin/../lib/gcc/avr/5.4.0/../../../../avr/lib/avr5\libc.a(puts.o)
                0x00002202                puts
 .text.avr-libc
                0x00002262      0x3c2 c:/program files (x86)/atmel/studio/7.0/toolchain/avr8/avr8-gnu-toolchain/bin/../lib/gcc/avr/5.4.0/../../../../avr/lib/avr5\libc.a(vfprintf_std.o)
                0x00002262                vfprintf
 .text.avr-libc
                0x00002624       0x16 c:/program files (x86)/atmel/studio/7.0/toolchain/avr8/avr8-gnu-toolchain/bin/../lib/gcc/avr/5.4.0/../../../../avr/lib/avr5\libc.a(strnlen_P.o)
                0x00002624                strnlen_P
 .text.avr-libc
                0x0000263a       0x16 c:/program files (x86)/atmel/studio/7.0/toolchain/avr8/avr8-gnu-toolchain/bin/../lib/gcc/avr/5.4.0/../../../../avr/lib/avr5\libc.a(strnlen.o)
                0x0000263a                strnlen
 .text.avr-libc
                0x00002650       0x78 c:/program files (x86)/atmel/studio/7.0/toolchain/avr8/avr8-gnu-toolchain/bin/../lib/gcc/avr/5.4.0/../../../../avr/lib/avr5\libc.a(fputc.o)
                0x00002650                fputc
 .text.avr-libc
                0x000026c8       0xbc c:/program files (x86)/atmel/studio/7.0/toolchain/avr8/avr8-gnu-toolchain/bin/../lib/gcc/avr/5.4.0/../../../../avr/lib/avr5\libc.a(ultoa_invert.o)
                0x000026c8                __ultoa_invert
 .text.libgcc.prologue
                0x00002784       0x38 c:/program files (x86)/atmel/studio/7.0/toolchain/avr8/avr8-gnu-toolchain/bin/../lib/gcc/avr/5.4.0/avr5\libgcc.a(_prologue.o)
                0x00002784                __prologue_saves__
 .text.libgcc.prologue
                0x000027bc       0x36 c:/program files (x86)/atmel/studio/7.0/toolchain/avr8/avr8-gnu-toolchain/bin/../lib/gcc/avr/5.4.0/avr5\libgcc.a(_epilogue.o)
                0x000027bc                __epilogue_restores__
                0x000027f2                . = ALIGN (0x2)
 *(.fini9)
 .fini9         0x000027f2        0x0 c:/program files (x86)/atmel/studio/7.0/toolchain/avr8/avr8-gnu-toolchain/bin/../lib/gcc/avr/5.4.0/avr5\libgcc.a(_exit.o)
                0x000027f2                _exit
                0x000027f2                exit
 *(.fini9)
 *(.fini8)
 *(.fini8)
 *(.fini7)
 *(.fini7)
 *(.fini6)
 *(.fini6)
 *(.fini5)
 *(.fini5)
 *(.fini4)
 *(.fini4)
 *(.fini3)
 *(.fini3)
 *(.fini2)
 *(.fini2)
 *(.fini1)
 *(.fini1)
 *(.fini0)
 .fini0         0x000027f2        0x4 c:/program files (x86)/atmel/studio/7.0/toolchain/avr8/avr8-gnu-toolchain/bin/../lib/gcc/avr/5.4.0/avr5\libgcc.a(_exit.o)
 *(.fini0)
                0x000027f6                _etext = .

.data           0x00800100      0x3ce load address 0x000027f6
                0x00800100                PROVIDE (__data_start, .)
 *(.data)
 .data          0x00800100        0x6 c:/program files (x86)/atmel/studio/7.0/toolchain/avr8/avr8-gnu-toolchain/bin/../lib/gcc/avr/5.4.0/../../../../avr/lib/avr5\libc.a(malloc.o)
                0x00800100                __malloc_heap_end
                0x00800102                __malloc_heap_start
                0x00800104                __malloc_margin
 *(.data*)
 .data.keyTimeout
                0x00800106        0x4 main.o
                0x00800106                keyTimeout
 .data.destination
                0x0080010a        0x1 main.o
                0x0080010a                destination
 .data.key      0x0080010b        0x4 main.o
                0x0080010b                key
 .data.keyTimedout
                0x0080010f        0x1 main.o
                0x0080010f                keyTimedout
 .data.udtState
                0x00800110        0x2 main.o
 .data.operationMode
                0x00800112        0x1 main.o
 *(.gnu.linkonce.d*)
 *(.rodata)
 *(.rodata*)
 .rodata.str1.1
                0x00800113      0x3af main.o
 .rodata.KEY_MAP
                0x008004c2        0xc main.o
                0x008004c2                KEY_MAP
 *(.gnu.linkonce.r*)
                0x008004ce                . = ALIGN (0x2)
                0x008004ce                _edata = .
                0x008004ce                PROVIDE (__data_end, .)

.bss            0x008004ce       0x5a
                0x008004ce                PROVIDE (__bss_start, .)
 *(.bss)
 *(.bss*)
 .bss.sequence  0x008004ce        0x1 main.o
                0x008004ce                sequence
 .bss.firstKeyUpdate
                0x008004cf        0x1 main.o
                0x008004cf                firstKeyUpdate
 .bss.authenticated
                0x008004d0        0x1 main.o
                0x008004d0                authenticated
 .bss.receivedPacket
                0x008004d1        0x8 main.o
 .bss.temp      0x008004d9        0x4 main.o
                0x008004d9                temp
 .bss.irqFlags  0x008004dd        0x1 main.o
 .bss.irqFlagMask
                0x008004de        0x1 main.o
 .bss.txSymbTimeout
                0x008004df        0x2 main.o
 .bss.rxSymbTimeout
                0x008004e1        0x2 main.o
 .bss.validPacketCnt
                0x008004e3        0x2 main.o
 .bss.validHeaderCnt
                0x008004e5        0x2 main.o
 .bss.rxBasePtr
                0x008004e7        0x1 main.o
 .bss.txBasePtr
                0x008004e8        0x1 main.o
 .bss.addrPtr   0x008004e9        0x1 main.o
 .bss.paConfig  0x008004ea        0x4 main.o
 .bss.frequency
                0x008004ee        0x3 main.o
 .bss.modemConfig
                0x008004f1        0x8 main.o
 .bss.modem     0x008004f9        0x1 main.o
 .bss.mystdout  0x008004fa        0xe main.o
 .bss.er        0x00800508        0x1 main.o
 *(COMMON)
 COMMON         0x00800509       0x15 main.o
                0x00800509                timer0_millis
                0x0080050d                min
                0x00800511                timer0_minutes
                0x00800515                ACK
                0x0080051d                len
 COMMON         0x0080051e        0x4 c:/program files (x86)/atmel/studio/7.0/toolchain/avr8/avr8-gnu-toolchain/bin/../lib/gcc/avr/5.4.0/../../../../avr/lib/avr5\libc.a(malloc.o)
                0x0080051e                __brkval
                0x00800520                __flp
 COMMON         0x00800522        0x6 c:/program files (x86)/atmel/studio/7.0/toolchain/avr8/avr8-gnu-toolchain/bin/../lib/gcc/avr/5.4.0/../../../../avr/lib/avr5\libc.a(iob.o)
                0x00800522                __iob
                0x00800528                PROVIDE (__bss_end, .)
                0x000027f6                __data_load_start = LOADADDR (.data)
                0x00002bc4                __data_load_end = (__data_load_start + SIZEOF (.data))

.noinit         0x00800528        0x0
                [!provide]                PROVIDE (__noinit_start, .)
 *(.noinit*)
                [!provide]                PROVIDE (__noinit_end, .)
                0x00800528                _end = .
                0x00800528                PROVIDE (__heap_start, .)

.eeprom         0x00810000        0x0
 *(.eeprom*)
                0x00810000                __eeprom_end = .

.fuse
 *(.fuse)
 *(.lfuse)
 *(.hfuse)
 *(.efuse)

.lock
 *(.lock*)

.signature
 *(.signature*)

.user_signatures
 *(.user_signatures*)

.stab
 *(.stab)

.stabstr
 *(.stabstr)

.stab.excl
 *(.stab.excl)

.stab.exclstr
 *(.stab.exclstr)

.stab.index
 *(.stab.index)

.stab.indexstr
 *(.stab.indexstr)

.comment        0x00000000       0x5c
 *(.comment)
 .comment       0x00000000       0x30 main.o
                                 0x31 (size before relaxing)
 .comment       0x00000030       0x31 c:/program files (x86)/atmel/studio/7.0/toolchain/avr8/avr8-gnu-toolchain/bin/../lib/gcc/avr/5.4.0/../../../../avr/lib/avr5\libc.a(malloc.o)
 .comment       0x00000030       0x31 c:/program files (x86)/atmel/studio/7.0/toolchain/avr8/avr8-gnu-toolchain/bin/../lib/gcc/avr/5.4.0/../../../../avr/lib/avr5\libc.a(iob.o)
 .comment       0x00000030       0x31 c:/program files (x86)/atmel/studio/7.0/toolchain/avr8/avr8-gnu-toolchain/bin/../lib/gcc/avr/5.4.0/../../../../avr/lib/avr5\libc.a(printf.o)
 .comment       0x00000030       0x31 c:/program files (x86)/atmel/studio/7.0/toolchain/avr8/avr8-gnu-toolchain/bin/../lib/gcc/avr/5.4.0/../../../../avr/lib/avr5\libc.a(putchar.o)
 .comment       0x00000030       0x31 c:/program files (x86)/atmel/studio/7.0/toolchain/avr8/avr8-gnu-toolchain/bin/../lib/gcc/avr/5.4.0/../../../../avr/lib/avr5\libc.a(puts.o)
 .comment       0x00000030       0x2c c:/program files (x86)/atmel/studio/7.0/toolchain/avr8/avr8-gnu-toolchain/bin/../lib/gcc/avr/5.4.0/../../../../avr/lib/avr5\libc.a(vfprintf_std.o)
                                 0x2d (size before relaxing)
 .comment       0x0000005c       0x31 c:/program files (x86)/atmel/studio/7.0/toolchain/avr8/avr8-gnu-toolchain/bin/../lib/gcc/avr/5.4.0/../../../../avr/lib/avr5\libc.a(fputc.o)

.note.gnu.avr.deviceinfo
                0x00000000       0x40
 .note.gnu.avr.deviceinfo
                0x00000000       0x40 C:/Program Files (x86)/Atmel/Studio/7.0/Packs/atmel/ATmega_DFP/1.2.150/gcc/dev/atmega328p/avr5/crtatmega328p.o

.note.gnu.build-id
 *(.note.gnu.build-id)

.debug
 *(.debug)

.line
 *(.line)

.debug_srcinfo
 *(.debug_srcinfo)

.debug_sfnames
 *(.debug_sfnames)

.debug_aranges  0x00000000      0x288
 *(.debug_aranges)
 .debug_aranges
                0x00000000      0x288 main.o

.debug_pubnames
 *(.debug_pubnames)

.debug_info     0x00000000     0x4e93
 *(.debug_info .gnu.linkonce.wi.*)
 .debug_info    0x00000000      0x5f4 C:/Program Files (x86)/Atmel/Studio/7.0/Packs/atmel/ATmega_DFP/1.2.150/gcc/dev/atmega328p/avr5/crtatmega328p.o
 .debug_info    0x000005f4     0x489f main.o

.debug_abbrev   0x00000000      0xb79
 *(.debug_abbrev)
 .debug_abbrev  0x00000000      0x5a2 C:/Program Files (x86)/Atmel/Studio/7.0/Packs/atmel/ATmega_DFP/1.2.150/gcc/dev/atmega328p/avr5/crtatmega328p.o
 .debug_abbrev  0x000005a2      0x5d7 main.o

.debug_line     0x00000000     0x37e7
 *(.debug_line .debug_line.* .debug_line_end)
 .debug_line    0x00000000      0x133 C:/Program Files (x86)/Atmel/Studio/7.0/Packs/atmel/ATmega_DFP/1.2.150/gcc/dev/atmega328p/avr5/crtatmega328p.o
 .debug_line    0x00000133     0x36b4 main.o

.debug_frame    0x00000000      0x8f4
 *(.debug_frame)
 .debug_frame   0x00000000      0x8f4 main.o

.debug_str      0x00000000     0x1095
 *(.debug_str)
 .debug_str     0x00000000      0x208 C:/Program Files (x86)/Atmel/Studio/7.0/Packs/atmel/ATmega_DFP/1.2.150/gcc/dev/atmega328p/avr5/crtatmega328p.o
 .debug_str     0x00000208      0xe8d main.o
                                0xf40 (size before relaxing)

.debug_loc      0x00000000     0x36f9
 *(.debug_loc)
 .debug_loc     0x00000000     0x36f9 main.o

.debug_macinfo
 *(.debug_macinfo)

.debug_weaknames
 *(.debug_weaknames)

.debug_funcnames
 *(.debug_funcnames)

.debug_typenames
 *(.debug_typenames)

.debug_varnames
 *(.debug_varnames)

.debug_pubtypes
 *(.debug_pubtypes)

.debug_ranges   0x00000000      0x2f0
 *(.debug_ranges)
 .debug_ranges  0x00000000      0x2f0 main.o

.debug_macro
 *(.debug_macro)
OUTPUT(lora_c_test.elf elf32-avr)
LOAD linker stubs
